﻿
   FAIL  Tests\Feature\Frontend\NavigationTest
  Γ£ô dashboard is accesΓÇª 0.50s  
  Γ¿» cinemas page is acΓÇª 9.01s  
  Γ£ô studios page is acΓÇª 0.05s  
  Γ¿» movies page is accΓÇª 4.39s  
  ΓöÇΓöÇΓöÇΓöÇΓöÇΓöÇΓöÇΓöÇΓöÇΓöÇΓöÇΓöÇΓöÇΓöÇΓöÇΓöÇΓöÇΓöÇΓöÇΓöÇΓöÇΓöÇΓöÇΓöÇΓöÇΓöÇΓöÇ  
   FAILED  Tests\Feature\FrΓÇª   
  Expected response status code [200] but received 500.
Failed asserting that 500 is identical to 200.

The following exception occurred during the last request:

Exception: Flux component [icon.search] does not exist. in C:\Users\lenovo\Documents\projects\seatify\storage\framework\views\913e221c004b8c05f09bd55931b0c707.php:38
Stack trace:
#0 C:\Users\lenovo\Documents\projects\seatify\storage\framework\views\dab9a1a9026f415e4a03faaff285b0ef.php(192): _913e221c004b8c05f09bd55931b0c707(Object(Livewire\Blaze\Runtime\BlazeRuntime), NULL, NULL, NULL, NULL)
#1 C:\Users\lenovo\Documents\projects\seatify\storage\framework\views\d920f0d2a1848e1724cdc63fcd77de79.php(29): _dab9a1a9026f415e4a03faaff285b0ef(Object(Livewire\Blaze\Runtime\BlazeRuntime), NULL, NULL, NULL, Object(App\Livewire\Frontend\Cinema\Index))
#2 C:\Users\lenovo\Documents\projects\seatify\vendor\livewire\livewire\src\Mechanisms\ExtendBlade\ExtendedCompilerEngine.php(37): include('C:\\Users\\lenovo...')
#3 C:\Users\lenovo\Documents\projects\seatify\vendor\livewire\livewire\src\Mechanisms\ExtendBlade\ExtendedCompilerEngine.php(38): App\Livewire\Frontend\Cinema\Index->Livewire\Mechanisms\ExtendBlade\{closure}()
#4 C:\Users\lenovo\Documents\projects\seatify\vendor\laravel\framework\src\Illuminate\View\Engines\CompilerEngine.php(76): Livewire\Mechanisms\ExtendBlade\ExtendedCompilerEngine->evaluatePath('C:\\Users\\lenovo...', Array)
#5 C:\Users\lenovo\Documents\projects\seatify\vendor\livewire\livewire\src\Mechanisms\ExtendBlade\ExtendedCompilerEngine.php(16): Illuminate\View\Engines\CompilerEngine->get('C:\\Users\\lenovo...', Array)
#6 C:\Users\lenovo\Documents\projects\seatify\vendor\laravel\framework\src\Illuminate\View\View.php(208): Livewire\Mechanisms\ExtendBlade\ExtendedCompilerEngine->get('C:\\Users\\lenovo...', Array)
#7 C:\Users\lenovo\Documents\projects\seatify\vendor\laravel\framework\src\Illuminate\View\View.php(191): Illuminate\View\View->getContents()
#8 C:\Users\lenovo\Documents\projects\seatify\vendor\laravel\framework\src\Illuminate\View\View.php(160): Illuminate\View\View->renderContents()
#9 C:\Users\lenovo\Documents\projects\seatify\vendor\livewire\livewire\src\Mechanisms\HandleComponents\HandleComponents.php(409): Illuminate\View\View->render(Object(Closure))
#10 C:\Users\lenovo\Documents\projects\seatify\vendor\livewire\livewire\src\Mechanisms\HandleComponents\HandleComponents.php(460): Livewire\Mechanisms\HandleComponents\HandleComponents->Livewire\Mechanisms\HandleComponents\{closure}()
#11 C:\Users\lenovo\Documents\projects\seatify\vendor\livewire\livewire\src\Mechanisms\HandleComponents\HandleComponents.php(401): Livewire\Mechanisms\HandleComponents\HandleComponents->trackInRenderStack(Object(App\Livewire\Frontend\Cinema\Index), Object(Closure))
#12 C:\Users\lenovo\Documents\projects\seatify\vendor\livewire\livewire\src\Mechanisms\HandleComponents\HandleComponents.php(80): Livewire\Mechanisms\HandleComponents\HandleComponents->render(Object(App\Livewire\Frontend\Cinema\Index), '<div></div>')
#13 C:\Users\lenovo\Documents\projects\seatify\vendor\livewire\livewire\src\LivewireManager.php(102): Livewire\Mechanisms\HandleComponents\HandleComponents->mount('App\\Livewire\\Fr...', Array, NULL, Array)
#14 C:\Users\lenovo\Documents\projects\seatify\vendor\livewire\livewire\src\Features\SupportPageComponents\HandlesPageComponents.php(19): Livewire\LivewireManager->mount('App\\Livewire\\Fr...', Array)
#15 C:\Users\lenovo\Documents\projects\seatify\vendor\livewire\livewire\src\Features\SupportPageComponents\SupportPageComponents.php(118): Livewire\Component->Livewire\Features\SupportPageComponents\{closure}()
#16 C:\Users\lenovo\Documents\projects\seatify\vendor\livewire\livewire\src\Features\SupportPageComponents\HandlesPageComponents.php(14): Livewire\Features\SupportPageComponents\SupportPageComponents::interceptTheRenderOfTheComponentAndRetreiveTheLayoutConfiguration(Object(Closure))
#17 C:\Users\lenovo\Documents\projects\seatify\vendor\laravel\framework\src\Illuminate\Routing\ControllerDispatcher.php(46): Livewire\Component->__invoke()
#18 C:\Users\lenovo\Documents\projects\seatify\vendor\laravel\framework\src\Illuminate\Routing\Route.php(265): Illuminate\Routing\ControllerDispatcher->dispatch(Object(Illuminate\Routing\Route), Object(App\Livewire\Frontend\Cinema\Index), '__invoke')
#19 C:\Users\lenovo\Documents\projects\seatify\vendor\laravel\framework\src\Illuminate\Routing\Route.php(211): Illuminate\Routing\Route->runController()
#20 C:\Users\lenovo\Documents\projects\seatify\vendor\laravel\framework\src\Illuminate\Routing\Router.php(822): Illuminate\Routing\Route->run()
#21 C:\Users\lenovo\Documents\projects\seatify\vendor\laravel\framework\src\Illuminate\Pipeline\Pipeline.php(180): Illuminate\Routing\Router->Illuminate\Routing\{closure}(Object(Illuminate\Http\Request))
#22 C:\Users\lenovo\Documents\projects\seatify\vendor\laravel\framework\src\Illuminate\Auth\Middleware\EnsureEmailIsVerified.php(41): Illuminate\Pipeline\Pipeline->Illuminate\Pipeline\{closure}(Object(Illuminate\Http\Request))
#23 C:\Users\lenovo\Documents\projects\seatify\vendor\laravel\framework\src\Illuminate\Pipeline\Pipeline.php(219): Illuminate\Auth\Middleware\EnsureEmailIsVerified->handle(Object(Illuminate\Http\Request), Object(Closure))
#24 C:\Users\lenovo\Documents\projects\seatify\vendor\laravel\framework\src\Illuminate\Routing\Middleware\SubstituteBindings.php(50): Illuminate\Pipeline\Pipeline->Illuminate\Pipeline\{closure}(Object(Illuminate\Http\Request))
#25 C:\Users\lenovo\Documents\projects\seatify\vendor\laravel\framework\src\Illuminate\Pipeline\Pipeline.php(219): Illuminate\Routing\Middleware\SubstituteBindings->handle(Object(Illuminate\Http\Request), Object(Closure))
#26 C:\Users\lenovo\Documents\projects\seatify\vendor\laravel\framework\src\Illuminate\Auth\Middleware\Authenticate.php(63): Illuminate\Pipeline\Pipeline->Illuminate\Pipeline\{closure}(Object(Illuminate\Http\Request))
#27 C:\Users\lenovo\Documents\projects\seatify\vendor\laravel\framework\src\Illuminate\Pipeline\Pipeline.php(219): Illuminate\Auth\Middleware\Authenticate->handle(Object(Illuminate\Http\Request), Object(Closure))
#28 C:\Users\lenovo\Documents\projects\seatify\vendor\laravel\framework\src\Illuminate\Foundation\Http\Middleware\VerifyCsrfToken.php(87): Illuminate\Pipeline\Pipeline->Illuminate\Pipeline\{closure}(Object(Illuminate\Http\Request))
#29 C:\Users\lenovo\Documents\projects\seatify\vendor\laravel\framework\src\Illuminate\Pipeline\Pipeline.php(219): Illuminate\Foundation\Http\Middleware\VerifyCsrfToken->handle(Object(Illuminate\Http\Request), Object(Closure))
#30 C:\Users\lenovo\Documents\projects\seatify\vendor\laravel\framework\src\Illuminate\View\Middleware\ShareErrorsFromSession.php(48): Illuminate\Pipeline\Pipeline->Illuminate\Pipeline\{closure}(Object(Illuminate\Http\Request))
#31 C:\Users\lenovo\Documents\projects\seatify\vendor\laravel\framework\src\Illuminate\Pipeline\Pipeline.php(219): Illuminate\View\Middleware\ShareErrorsFromSession->handle(Object(Illuminate\Http\Request), Object(Closure))
#32 C:\Users\lenovo\Documents\projects\seatify\vendor\laravel\framework\src\Illuminate\Session\Middleware\StartSession.php(120): Illuminate\Pipeline\Pipeline->Illuminate\Pipeline\{closure}(Object(Illuminate\Http\Request))
#33 C:\Users\lenovo\Documents\projects\seatify\vendor\laravel\framework\src\Illuminate\Session\Middleware\StartSession.php(63): Illuminate\Session\Middleware\StartSession->handleStatefulRequest(Object(Illuminate\Http\Request), Object(Illuminate\Session\Store), Object(Closure))
#34 C:\Users\lenovo\Documents\projects\seatify\vendor\laravel\framework\src\Illuminate\Pipeline\Pipeline.php(219): Illuminate\Session\Middleware\StartSession->handle(Object(Illuminate\Http\Request), Object(Closure))
#35 C:\Users\lenovo\Documents\projects\seatify\vendor\laravel\framework\src\Illuminate\Cookie\Middleware\AddQueuedCookiesToResponse.php(36): Illuminate\Pipeline\Pipeline->Illuminate\Pipeline\{closure}(Object(Illuminate\Http\Request))
#36 C:\Users\lenovo\Documents\projects\seatify\vendor\laravel\framework\src\Illuminate\Pipeline\Pipeline.php(219): Illuminate\Cookie\Middleware\AddQueuedCookiesToResponse->handle(Object(Illuminate\Http\Request), Object(Closure))
#37 C:\Users\lenovo\Documents\projects\seatify\vendor\laravel\framework\src\Illuminate\Cookie\Middleware\EncryptCookies.php(74): Illuminate\Pipeline\Pipeline->Illuminate\Pipeline\{closure}(Object(Illuminate\Http\Request))
#38 C:\Users\lenovo\Documents\projects\seatify\vendor\laravel\framework\src\Illuminate\Pipeline\Pipeline.php(219): Illuminate\Cookie\Middleware\EncryptCookies->handle(Object(Illuminate\Http\Request), Object(Closure))
#39 C:\Users\lenovo\Documents\projects\seatify\vendor\laravel\framework\src\Illuminate\Pipeline\Pipeline.php(137): Illuminate\Pipeline\Pipeline->Illuminate\Pipeline\{closure}(Object(Illuminate\Http\Request))
#40 C:\Users\lenovo\Documents\projects\seatify\vendor\laravel\framework\src\Illuminate\Routing\Router.php(821): Illuminate\Pipeline\Pipeline->then(Object(Closure))
#41 C:\Users\lenovo\Documents\projects\seatify\vendor\laravel\framework\src\Illuminate\Routing\Router.php(800): Illuminate\Routing\Router->runRouteWithinStack(Object(Illuminate\Routing\Route), Object(Illuminate\Http\Request))
#42 C:\Users\lenovo\Documents\projects\seatify\vendor\laravel\framework\src\Illuminate\Routing\Router.php(764): Illuminate\Routing\Router->runRoute(Object(Illuminate\Http\Request), Object(Illuminate\Routing\Route))
#43 C:\Users\lenovo\Documents\projects\seatify\vendor\laravel\framework\src\Illuminate\Routing\Router.php(753): Illuminate\Routing\Router->dispatchToRoute(Object(Illuminate\Http\Request))
#44 C:\Users\lenovo\Documents\projects\seatify\vendor\laravel\framework\src\Illuminate\Foundation\Http\Kernel.php(200): Illuminate\Routing\Router->dispatch(Object(Illuminate\Http\Request))
#45 C:\Users\lenovo\Documents\projects\seatify\vendor\laravel\framework\src\Illuminate\Pipeline\Pipeline.php(180): Illuminate\Foundation\Http\Kernel->Illuminate\Foundation\Http\{closure}(Object(Illuminate\Http\Request))
#46 C:\Users\lenovo\Documents\projects\seatify\vendor\livewire\livewire\src\Features\SupportDisablingBackButtonCache\DisableBackButtonCacheMiddleware.php(19): Illuminate\Pipeline\Pipeline->Illuminate\Pipeline\{closure}(Object(Illuminate\Http\Request))
#47 C:\Users\lenovo\Documents\projects\seatify\vendor\laravel\framework\src\Illuminate\Pipeline\Pipeline.php(219): Livewire\Features\SupportDisablingBackButtonCache\DisableBackButtonCacheMiddleware->handle(Object(Illuminate\Http\Request), Object(Closure))
#48 C:\Users\lenovo\Documents\projects\seatify\vendor\laravel\framework\src\Illuminate\Foundation\Http\Middleware\TransformsRequest.php(21): Illuminate\Pipeline\Pipeline->Illuminate\Pipeline\{closure}(Object(Illuminate\Http\Request))
#49 C:\Users\lenovo\Documents\projects\seatify\vendor\laravel\framework\src\Illuminate\Foundation\Http\Middleware\ConvertEmptyStringsToNull.php(31): Illuminate\Foundation\Http\Middleware\TransformsRequest->handle(Object(Illuminate\Http\Request), Object(Closure))
#50 C:\Users\lenovo\Documents\projects\seatify\vendor\laravel\framework\src\Illuminate\Pipeline\Pipeline.php(219): Illuminate\Foundation\Http\Middleware\ConvertEmptyStringsToNull->handle(Object(Illuminate\Http\Request), Object(Closure))
#51 C:\Users\lenovo\Documents\projects\seatify\vendor\laravel\framework\src\Illuminate\Foundation\Http\Middleware\TransformsRequest.php(21): Illuminate\Pipeline\Pipeline->Illuminate\Pipeline\{closure}(Object(Illuminate\Http\Request))
#52 C:\Users\lenovo\Documents\projects\seatify\vendor\laravel\framework\src\Illuminate\Foundation\Http\Middleware\TrimStrings.php(51): Illuminate\Foundation\Http\Middleware\TransformsRequest->handle(Object(Illuminate\Http\Request), Object(Closure))
#53 C:\Users\lenovo\Documents\projects\seatify\vendor\laravel\framework\src\Illuminate\Pipeline\Pipeline.php(219): Illuminate\Foundation\Http\Middleware\TrimStrings->handle(Object(Illuminate\Http\Request), Object(Closure))
#54 C:\Users\lenovo\Documents\projects\seatify\vendor\laravel\framework\src\Illuminate\Http\Middleware\ValidatePostSize.php(27): Illuminate\Pipeline\Pipeline->Illuminate\Pipeline\{closure}(Object(Illuminate\Http\Request))
#55 C:\Users\lenovo\Documents\projects\seatify\vendor\laravel\framework\src\Illuminate\Pipeline\Pipeline.php(219): Illuminate\Http\Middleware\ValidatePostSize->handle(Object(Illuminate\Http\Request), Object(Closure))
#56 C:\Users\lenovo\Documents\projects\seatify\vendor\laravel\framework\src\Illuminate\Foundation\Http\Middleware\PreventRequestsDuringMaintenance.php(109): Illuminate\Pipeline\Pipeline->Illuminate\Pipeline\{closure}(Object(Illuminate\Http\Request))
#57 C:\Users\lenovo\Documents\projects\seatify\vendor\laravel\framework\src\Illuminate\Pipeline\Pipeline.php(219): Illuminate\Foundation\Http\Middleware\PreventRequestsDuringMaintenance->handle(Object(Illuminate\Http\Request), Object(Closure))
#58 C:\Users\lenovo\Documents\projects\seatify\vendor\laravel\framework\src\Illuminate\Http\Middleware\HandleCors.php(61): Illuminate\Pipeline\Pipeline->Illuminate\Pipeline\{closure}(Object(Illuminate\Http\Request))
#59 C:\Users\lenovo\Documents\projects\seatify\vendor\laravel\framework\src\Illuminate\Pipeline\Pipeline.php(219): Illuminate\Http\Middleware\HandleCors->handle(Object(Illuminate\Http\Request), Object(Closure))
#60 C:\Users\lenovo\Documents\projects\seatify\vendor\laravel\framework\src\Illuminate\Http\Middleware\TrustProxies.php(58): Illuminate\Pipeline\Pipeline->Illuminate\Pipeline\{closure}(Object(Illuminate\Http\Request))
#61 C:\Users\lenovo\Documents\projects\seatify\vendor\laravel\framework\src\Illuminate\Pipeline\Pipeline.php(219): Illuminate\Http\Middleware\TrustProxies->handle(Object(Illuminate\Http\Request), Object(Closure))
#62 C:\Users\lenovo\Documents\projects\seatify\vendor\laravel\framework\src\Illuminate\Foundation\Http\Middleware\InvokeDeferredCallbacks.php(22): Illuminate\Pipeline\Pipeline->Illuminate\Pipeline\{closure}(Object(Illuminate\Http\Request))
#63 C:\Users\lenovo\Documents\projects\seatify\vendor\laravel\framework\src\Illuminate\Pipeline\Pipeline.php(219): Illuminate\Foundation\Http\Middleware\InvokeDeferredCallbacks->handle(Object(Illuminate\Http\Request), Object(Closure))
#64 C:\Users\lenovo\Documents\projects\seatify\vendor\laravel\framework\src\Illuminate\Http\Middleware\ValidatePathEncoding.php(26): Illuminate\Pipeline\Pipeline->Illuminate\Pipeline\{closure}(Object(Illuminate\Http\Request))
#65 C:\Users\lenovo\Documents\projects\seatify\vendor\laravel\framework\src\Illuminate\Pipeline\Pipeline.php(219): Illuminate\Http\Middleware\ValidatePathEncoding->handle(Object(Illuminate\Http\Request), Object(Closure))
#66 C:\Users\lenovo\Documents\projects\seatify\vendor\laravel\framework\src\Illuminate\Pipeline\Pipeline.php(137): Illuminate\Pipeline\Pipeline->Illuminate\Pipeline\{closure}(Object(Illuminate\Http\Request))
#67 C:\Users\lenovo\Documents\projects\seatify\vendor\laravel\framework\src\Illuminate\Foundation\Http\Kernel.php(175): Illuminate\Pipeline\Pipeline->then(Object(Closure))
#68 C:\Users\lenovo\Documents\projects\seatify\vendor\laravel\framework\src\Illuminate\Foundation\Http\Kernel.php(144): Illuminate\Foundation\Http\Kernel->sendRequestThroughRouter(Object(Illuminate\Http\Request))
#69 C:\Users\lenovo\Documents\projects\seatify\vendor\laravel\framework\src\Illuminate\Foundation\Testing\Concerns\MakesHttpRequests.php(607): Illuminate\Foundation\Http\Kernel->handle(Object(Illuminate\Http\Request))
#70 C:\Users\lenovo\Documents\projects\seatify\vendor\laravel\framework\src\Illuminate\Foundation\Testing\Concerns\MakesHttpRequests.php(368): Illuminate\Foundation\Testing\TestCase->call('GET', 'http://localhos...', Array, Array, Array, Array)
#71 C:\Users\lenovo\Documents\projects\seatify\tests\Feature\Frontend\NavigationTest.php(19): Illuminate\Foundation\Testing\TestCase->get('http://localhos...')
#72 C:\Users\lenovo\Documents\projects\seatify\vendor\pestphp\pest\src\Factories\TestCaseMethodFactory.php(168): P\Tests\Feature\Frontend\NavigationTest->{closure}()
#73 [internal function]: P\Tests\Feature\Frontend\NavigationTest->Pest\Factories\{closure}()
#74 C:\Users\lenovo\Documents\projects\seatify\vendor\pestphp\pest\src\Concerns\Testable.php(429): call_user_func_array(Object(Closure), Array)
#75 C:\Users\lenovo\Documents\projects\seatify\vendor\pestphp\pest\src\Support\ExceptionTrace.php(26): P\Tests\Feature\Frontend\NavigationTest->Pest\Concerns\{closure}()
#76 C:\Users\lenovo\Documents\projects\seatify\vendor\pestphp\pest\src\Concerns\Testable.php(429): Pest\Support\ExceptionTrace::ensure(Object(Closure))
#77 C:\Users\lenovo\Documents\projects\seatify\vendor\pestphp\pest\src\Concerns\Testable.php(331): P\Tests\Feature\Frontend\NavigationTest->__callClosure(Object(Closure), Array)
#78 C:\Users\lenovo\Documents\projects\seatify\vendor\pestphp\pest\src\Factories\TestCaseFactory.php(169) : eval()'d code(26): P\Tests\Feature\Frontend\NavigationTest->__runTest(Object(Closure))
#79 C:\Users\lenovo\Documents\projects\seatify\vendor\phpunit\phpunit\src\Framework\TestCase.php(1332): P\Tests\Feature\Frontend\NavigationTest->__pest_evaluable_cinemas_page_is_accessible()
#80 C:\Users\lenovo\Documents\projects\seatify\vendor\phpunit\phpunit\src\Framework\TestCase.php(519): PHPUnit\Framework\TestCase->runTest()
#81 C:\Users\lenovo\Documents\projects\seatify\vendor\phpunit\phpunit\src\Framework\TestRunner\TestRunner.php(99): PHPUnit\Framework\TestCase->runBare()
#82 C:\Users\lenovo\Documents\projects\seatify\vendor\phpunit\phpunit\src\Framework\TestCase.php(359): PHPUnit\Framework\TestRunner->run(Object(P\Tests\Feature\Frontend\NavigationTest))
#83 C:\Users\lenovo\Documents\projects\seatify\vendor\phpunit\phpunit\src\Framework\TestSuite.php(374): PHPUnit\Framework\TestCase->run()
#84 C:\Users\lenovo\Documents\projects\seatify\vendor\phpunit\phpunit\src\TextUI\TestRunner.php(64): PHPUnit\Framework\TestSuite->run()
#85 C:\Users\lenovo\Documents\projects\seatify\vendor\phpunit\phpunit\src\TextUI\Application.php(229): PHPUnit\TextUI\TestRunner->run(Object(PHPUnit\TextUI\Configuration\Configuration), Object(PHPUnit\Runner\ResultCache\DefaultResultCache), Object(PHPUnit\Framework\TestSuite))
#86 C:\Users\lenovo\Documents\projects\seatify\vendor\pestphp\pest\src\Kernel.php(103): PHPUnit\TextUI\Application->run(Array)
#87 C:\Users\lenovo\Documents\projects\seatify\vendor\pestphp\pest\bin\pest(184): Pest\Kernel->handle(Array, Array)
#88 C:\Users\lenovo\Documents\projects\seatify\vendor\pestphp\pest\bin\pest(192): {closure}()
#89 {main}

Next Illuminate\View\ViewException: Flux component [icon.search] does not exist. (View: C:\Users\lenovo\Documents\projects\seatify\resources\views\livewire\frontend\cinema\index.blade.php) in C:\Users\lenovo\Documents\projects\seatify\storage\framework\views\913e221c004b8c05f09bd55931b0c707.php:38
Stack trace:
#0 C:\Users\lenovo\Documents\projects\seatify\vendor\livewire\livewire\src\Mechanisms\ExtendBlade\ExtendedCompilerEngine.php(58): Illuminate\View\Engines\CompilerEngine->handleViewException(Object(Exception), 2)
#1 C:\Users\lenovo\Documents\projects\seatify\vendor\livewire\livewire\src\Mechanisms\ExtendBlade\ExtendedCompilerEngine.php(40): Livewire\Mechanisms\ExtendBlade\ExtendedCompilerEngine->handleViewException(Object(Exception), 2)
#2 C:\Users\lenovo\Documents\projects\seatify\vendor\laravel\framework\src\Illuminate\View\Engines\CompilerEngine.php(76): Livewire\Mechanisms\ExtendBlade\ExtendedCompilerEngine->evaluatePath('C:\\Users\\lenovo...', Array)
#3 C:\Users\lenovo\Documents\projects\seatify\vendor\livewire\livewire\src\Mechanisms\ExtendBlade\ExtendedCompilerEngine.php(16): Illuminate\View\Engines\CompilerEngine->get('C:\\Users\\lenovo...', Array)
#4 C:\Users\lenovo\Documents\projects\seatify\vendor\laravel\framework\src\Illuminate\View\View.php(208): Livewire\Mechanisms\ExtendBlade\ExtendedCompilerEngine->get('C:\\Users\\lenovo...', Array)
#5 C:\Users\lenovo\Documents\projects\seatify\vendor\laravel\framework\src\Illuminate\View\View.php(191): Illuminate\View\View->getContents()
#6 C:\Users\lenovo\Documents\projects\seatify\vendor\laravel\framework\src\Illuminate\View\View.php(160): Illuminate\View\View->renderContents()
#7 C:\Users\lenovo\Documents\projects\seatify\vendor\livewire\livewire\src\Mechanisms\HandleComponents\HandleComponents.php(409): Illuminate\View\View->render(Object(Closure))
#8 C:\Users\lenovo\Documents\projects\seatify\vendor\livewire\livewire\src\Mechanisms\HandleComponents\HandleComponents.php(460): Livewire\Mechanisms\HandleComponents\HandleComponents->Livewire\Mechanisms\HandleComponents\{closure}()
#9 C:\Users\lenovo\Documents\projects\seatify\vendor\livewire\livewire\src\Mechanisms\HandleComponents\HandleComponents.php(401): Livewire\Mechanisms\HandleComponents\HandleComponents->trackInRenderStack(Object(App\Livewire\Frontend\Cinema\Index), Object(Closure))
#10 C:\Users\lenovo\Documents\projects\seatify\vendor\livewire\livewire\src\Mechanisms\HandleComponents\HandleComponents.php(80): Livewire\Mechanisms\HandleComponents\HandleComponents->render(Object(App\Livewire\Frontend\Cinema\Index), '<div></div>')
#11 C:\Users\lenovo\Documents\projects\seatify\vendor\livewire\livewire\src\LivewireManager.php(102): Livewire\Mechanisms\HandleComponents\HandleComponents->mount('App\\Livewire\\Fr...', Array, NULL, Array)
#12 C:\Users\lenovo\Documents\projects\seatify\vendor\livewire\livewire\src\Features\SupportPageComponents\HandlesPageComponents.php(19): Livewire\LivewireManager->mount('App\\Livewire\\Fr...', Array)
#13 C:\Users\lenovo\Documents\projects\seatify\vendor\livewire\livewire\src\Features\SupportPageComponents\SupportPageComponents.php(118): Livewire\Component->Livewire\Features\SupportPageComponents\{closure}()
#14 C:\Users\lenovo\Documents\projects\seatify\vendor\livewire\livewire\src\Features\SupportPageComponents\HandlesPageComponents.php(14): Livewire\Features\SupportPageComponents\SupportPageComponents::interceptTheRenderOfTheComponentAndRetreiveTheLayoutConfiguration(Object(Closure))
#15 C:\Users\lenovo\Documents\projects\seatify\vendor\laravel\framework\src\Illuminate\Routing\ControllerDispatcher.php(46): Livewire\Component->__invoke()
#16 C:\Users\lenovo\Documents\projects\seatify\vendor\laravel\framework\src\Illuminate\Routing\Route.php(265): Illuminate\Routing\ControllerDispatcher->dispatch(Object(Illuminate\Routing\Route), Object(App\Livewire\Frontend\Cinema\Index), '__invoke')
#17 C:\Users\lenovo\Documents\projects\seatify\vendor\laravel\framework\src\Illuminate\Routing\Route.php(211): Illuminate\Routing\Route->runController()
#18 C:\Users\lenovo\Documents\projects\seatify\vendor\laravel\framework\src\Illuminate\Routing\Router.php(822): Illuminate\Routing\Route->run()
#19 C:\Users\lenovo\Documents\projects\seatify\vendor\laravel\framework\src\Illuminate\Pipeline\Pipeline.php(180): Illuminate\Routing\Router->Illuminate\Routing\{closure}(Object(Illuminate\Http\Request))
#20 C:\Users\lenovo\Documents\projects\seatify\vendor\laravel\framework\src\Illuminate\Auth\Middleware\EnsureEmailIsVerified.php(41): Illuminate\Pipeline\Pipeline->Illuminate\Pipeline\{closure}(Object(Illuminate\Http\Request))
#21 C:\Users\lenovo\Documents\projects\seatify\vendor\laravel\framework\src\Illuminate\Pipeline\Pipeline.php(219): Illuminate\Auth\Middleware\EnsureEmailIsVerified->handle(Object(Illuminate\Http\Request), Object(Closure))
#22 C:\Users\lenovo\Documents\projects\seatify\vendor\laravel\framework\src\Illuminate\Routing\Middleware\SubstituteBindings.php(50): Illuminate\Pipeline\Pipeline->Illuminate\Pipeline\{closure}(Object(Illuminate\Http\Request))
#23 C:\Users\lenovo\Documents\projects\seatify\vendor\laravel\framework\src\Illuminate\Pipeline\Pipeline.php(219): Illuminate\Routing\Middleware\SubstituteBindings->handle(Object(Illuminate\Http\Request), Object(Closure))
#24 C:\Users\lenovo\Documents\projects\seatify\vendor\laravel\framework\src\Illuminate\Auth\Middleware\Authenticate.php(63): Illuminate\Pipeline\Pipeline->Illuminate\Pipeline\{closure}(Object(Illuminate\Http\Request))
#25 C:\Users\lenovo\Documents\projects\seatify\vendor\laravel\framework\src\Illuminate\Pipeline\Pipeline.php(219): Illuminate\Auth\Middleware\Authenticate->handle(Object(Illuminate\Http\Request), Object(Closure))
#26 C:\Users\lenovo\Documents\projects\seatify\vendor\laravel\framework\src\Illuminate\Foundation\Http\Middleware\VerifyCsrfToken.php(87): Illuminate\Pipeline\Pipeline->Illuminate\Pipeline\{closure}(Object(Illuminate\Http\Request))
#27 C:\Users\lenovo\Documents\projects\seatify\vendor\laravel\framework\src\Illuminate\Pipeline\Pipeline.php(219): Illuminate\Foundation\Http\Middleware\VerifyCsrfToken->handle(Object(Illuminate\Http\Request), Object(Closure))
#28 C:\Users\lenovo\Documents\projects\seatify\vendor\laravel\framework\src\Illuminate\View\Middleware\ShareErrorsFromSession.php(48): Illuminate\Pipeline\Pipeline->Illuminate\Pipeline\{closure}(Object(Illuminate\Http\Request))
#29 C:\Users\lenovo\Documents\projects\seatify\vendor\laravel\framework\src\Illuminate\Pipeline\Pipeline.php(219): Illuminate\View\Middleware\ShareErrorsFromSession->handle(Object(Illuminate\Http\Request), Object(Closure))
#30 C:\Users\lenovo\Documents\projects\seatify\vendor\laravel\framework\src\Illuminate\Session\Middleware\StartSession.php(120): Illuminate\Pipeline\Pipeline->Illuminate\Pipeline\{closure}(Object(Illuminate\Http\Request))
#31 C:\Users\lenovo\Documents\projects\seatify\vendor\laravel\framework\src\Illuminate\Session\Middleware\StartSession.php(63): Illuminate\Session\Middleware\StartSession->handleStatefulRequest(Object(Illuminate\Http\Request), Object(Illuminate\Session\Store), Object(Closure))
#32 C:\Users\lenovo\Documents\projects\seatify\vendor\laravel\framework\src\Illuminate\Pipeline\Pipeline.php(219): Illuminate\Session\Middleware\StartSession->handle(Object(Illuminate\Http\Request), Object(Closure))
#33 C:\Users\lenovo\Documents\projects\seatify\vendor\laravel\framework\src\Illuminate\Cookie\Middleware\AddQueuedCookiesToResponse.php(36): Illuminate\Pipeline\Pipeline->Illuminate\Pipeline\{closure}(Object(Illuminate\Http\Request))
#34 C:\Users\lenovo\Documents\projects\seatify\vendor\laravel\framework\src\Illuminate\Pipeline\Pipeline.php(219): Illuminate\Cookie\Middleware\AddQueuedCookiesToResponse->handle(Object(Illuminate\Http\Request), Object(Closure))
#35 C:\Users\lenovo\Documents\projects\seatify\vendor\laravel\framework\src\Illuminate\Cookie\Middleware\EncryptCookies.php(74): Illuminate\Pipeline\Pipeline->Illuminate\Pipeline\{closure}(Object(Illuminate\Http\Request))
#36 C:\Users\lenovo\Documents\projects\seatify\vendor\laravel\framework\src\Illuminate\Pipeline\Pipeline.php(219): Illuminate\Cookie\Middleware\EncryptCookies->handle(Object(Illuminate\Http\Request), Object(Closure))
#37 C:\Users\lenovo\Documents\projects\seatify\vendor\laravel\framework\src\Illuminate\Pipeline\Pipeline.php(137): Illuminate\Pipeline\Pipeline->Illuminate\Pipeline\{closure}(Object(Illuminate\Http\Request))
#38 C:\Users\lenovo\Documents\projects\seatify\vendor\laravel\framework\src\Illuminate\Routing\Router.php(821): Illuminate\Pipeline\Pipeline->then(Object(Closure))
#39 C:\Users\lenovo\Documents\projects\seatify\vendor\laravel\framework\src\Illuminate\Routing\Router.php(800): Illuminate\Routing\Router->runRouteWithinStack(Object(Illuminate\Routing\Route), Object(Illuminate\Http\Request))
#40 C:\Users\lenovo\Documents\projects\seatify\vendor\laravel\framework\src\Illuminate\Routing\Router.php(764): Illuminate\Routing\Router->runRoute(Object(Illuminate\Http\Request), Object(Illuminate\Routing\Route))
#41 C:\Users\lenovo\Documents\projects\seatify\vendor\laravel\framework\src\Illuminate\Routing\Router.php(753): Illuminate\Routing\Router->dispatchToRoute(Object(Illuminate\Http\Request))
#42 C:\Users\lenovo\Documents\projects\seatify\vendor\laravel\framework\src\Illuminate\Foundation\Http\Kernel.php(200): Illuminate\Routing\Router->dispatch(Object(Illuminate\Http\Request))
#43 C:\Users\lenovo\Documents\projects\seatify\vendor\laravel\framework\src\Illuminate\Pipeline\Pipeline.php(180): Illuminate\Foundation\Http\Kernel->Illuminate\Foundation\Http\{closure}(Object(Illuminate\Http\Request))
#44 C:\Users\lenovo\Documents\projects\seatify\vendor\livewire\livewire\src\Features\SupportDisablingBackButtonCache\DisableBackButtonCacheMiddleware.php(19): Illuminate\Pipeline\Pipeline->Illuminate\Pipeline\{closure}(Object(Illuminate\Http\Request))
#45 C:\Users\lenovo\Documents\projects\seatify\vendor\laravel\framework\src\Illuminate\Pipeline\Pipeline.php(219): Livewire\Features\SupportDisablingBackButtonCache\DisableBackButtonCacheMiddleware->handle(Object(Illuminate\Http\Request), Object(Closure))
#46 C:\Users\lenovo\Documents\projects\seatify\vendor\laravel\framework\src\Illuminate\Foundation\Http\Middleware\TransformsRequest.php(21): Illuminate\Pipeline\Pipeline->Illuminate\Pipeline\{closure}(Object(Illuminate\Http\Request))
#47 C:\Users\lenovo\Documents\projects\seatify\vendor\laravel\framework\src\Illuminate\Foundation\Http\Middleware\ConvertEmptyStringsToNull.php(31): Illuminate\Foundation\Http\Middleware\TransformsRequest->handle(Object(Illuminate\Http\Request), Object(Closure))
#48 C:\Users\lenovo\Documents\projects\seatify\vendor\laravel\framework\src\Illuminate\Pipeline\Pipeline.php(219): Illuminate\Foundation\Http\Middleware\ConvertEmptyStringsToNull->handle(Object(Illuminate\Http\Request), Object(Closure))
#49 C:\Users\lenovo\Documents\projects\seatify\vendor\laravel\framework\src\Illuminate\Foundation\Http\Middleware\TransformsRequest.php(21): Illuminate\Pipeline\Pipeline->Illuminate\Pipeline\{closure}(Object(Illuminate\Http\Request))
#50 C:\Users\lenovo\Documents\projects\seatify\vendor\laravel\framework\src\Illuminate\Foundation\Http\Middleware\TrimStrings.php(51): Illuminate\Foundation\Http\Middleware\TransformsRequest->handle(Object(Illuminate\Http\Request), Object(Closure))
#51 C:\Users\lenovo\Documents\projects\seatify\vendor\laravel\framework\src\Illuminate\Pipeline\Pipeline.php(219): Illuminate\Foundation\Http\Middleware\TrimStrings->handle(Object(Illuminate\Http\Request), Object(Closure))
#52 C:\Users\lenovo\Documents\projects\seatify\vendor\laravel\framework\src\Illuminate\Http\Middleware\ValidatePostSize.php(27): Illuminate\Pipeline\Pipeline->Illuminate\Pipeline\{closure}(Object(Illuminate\Http\Request))
#53 C:\Users\lenovo\Documents\projects\seatify\vendor\laravel\framework\src\Illuminate\Pipeline\Pipeline.php(219): Illuminate\Http\Middleware\ValidatePostSize->handle(Object(Illuminate\Http\Request), Object(Closure))
#54 C:\Users\lenovo\Documents\projects\seatify\vendor\laravel\framework\src\Illuminate\Foundation\Http\Middleware\PreventRequestsDuringMaintenance.php(109): Illuminate\Pipeline\Pipeline->Illuminate\Pipeline\{closure}(Object(Illuminate\Http\Request))
#55 C:\Users\lenovo\Documents\projects\seatify\vendor\laravel\framework\src\Illuminate\Pipeline\Pipeline.php(219): Illuminate\Foundation\Http\Middleware\PreventRequestsDuringMaintenance->handle(Object(Illuminate\Http\Request), Object(Closure))
#56 C:\Users\lenovo\Documents\projects\seatify\vendor\laravel\framework\src\Illuminate\Http\Middleware\HandleCors.php(61): Illuminate\Pipeline\Pipeline->Illuminate\Pipeline\{closure}(Object(Illuminate\Http\Request))
#57 C:\Users\lenovo\Documents\projects\seatify\vendor\laravel\framework\src\Illuminate\Pipeline\Pipeline.php(219): Illuminate\Http\Middleware\HandleCors->handle(Object(Illuminate\Http\Request), Object(Closure))
#58 C:\Users\lenovo\Documents\projects\seatify\vendor\laravel\framework\src\Illuminate\Http\Middleware\TrustProxies.php(58): Illuminate\Pipeline\Pipeline->Illuminate\Pipeline\{closure}(Object(Illuminate\Http\Request))
#59 C:\Users\lenovo\Documents\projects\seatify\vendor\laravel\framework\src\Illuminate\Pipeline\Pipeline.php(219): Illuminate\Http\Middleware\TrustProxies->handle(Object(Illuminate\Http\Request), Object(Closure))
#60 C:\Users\lenovo\Documents\projects\seatify\vendor\laravel\framework\src\Illuminate\Foundation\Http\Middleware\InvokeDeferredCallbacks.php(22): Illuminate\Pipeline\Pipeline->Illuminate\Pipeline\{closure}(Object(Illuminate\Http\Request))
#61 C:\Users\lenovo\Documents\projects\seatify\vendor\laravel\framework\src\Illuminate\Pipeline\Pipeline.php(219): Illuminate\Foundation\Http\Middleware\InvokeDeferredCallbacks->handle(Object(Illuminate\Http\Request), Object(Closure))
#62 C:\Users\lenovo\Documents\projects\seatify\vendor\laravel\framework\src\Illuminate\Http\Middleware\ValidatePathEncoding.php(26): Illuminate\Pipeline\Pipeline->Illuminate\Pipeline\{closure}(Object(Illuminate\Http\Request))
#63 C:\Users\lenovo\Documents\projects\seatify\vendor\laravel\framework\src\Illuminate\Pipeline\Pipeline.php(219): Illuminate\Http\Middleware\ValidatePathEncoding->handle(Object(Illuminate\Http\Request), Object(Closure))
#64 C:\Users\lenovo\Documents\projects\seatify\vendor\laravel\framework\src\Illuminate\Pipeline\Pipeline.php(137): Illuminate\Pipeline\Pipeline->Illuminate\Pipeline\{closure}(Object(Illuminate\Http\Request))
#65 C:\Users\lenovo\Documents\projects\seatify\vendor\laravel\framework\src\Illuminate\Foundation\Http\Kernel.php(175): Illuminate\Pipeline\Pipeline->then(Object(Closure))
#66 C:\Users\lenovo\Documents\projects\seatify\vendor\laravel\framework\src\Illuminate\Foundation\Http\Kernel.php(144): Illuminate\Foundation\Http\Kernel->sendRequestThroughRouter(Object(Illuminate\Http\Request))
#67 C:\Users\lenovo\Documents\projects\seatify\vendor\laravel\framework\src\Illuminate\Foundation\Testing\Concerns\MakesHttpRequests.php(607): Illuminate\Foundation\Http\Kernel->handle(Object(Illuminate\Http\Request))
#68 C:\Users\lenovo\Documents\projects\seatify\vendor\laravel\framework\src\Illuminate\Foundation\Testing\Concerns\MakesHttpRequests.php(368): Illuminate\Foundation\Testing\TestCase->call('GET', 'http://localhos...', Array, Array, Array, Array)
#69 C:\Users\lenovo\Documents\projects\seatify\tests\Feature\Frontend\NavigationTest.php(19): Illuminate\Foundation\Testing\TestCase->get('http://localhos...')
#70 C:\Users\lenovo\Documents\projects\seatify\vendor\pestphp\pest\src\Factories\TestCaseMethodFactory.php(168): P\Tests\Feature\Frontend\NavigationTest->{closure}()
#71 [internal function]: P\Tests\Feature\Frontend\NavigationTest->Pest\Factories\{closure}()
#72 C:\Users\lenovo\Documents\projects\seatify\vendor\pestphp\pest\src\Concerns\Testable.php(429): call_user_func_array(Object(Closure), Array)
#73 C:\Users\lenovo\Documents\projects\seatify\vendor\pestphp\pest\src\Support\ExceptionTrace.php(26): P\Tests\Feature\Frontend\NavigationTest->Pest\Concerns\{closure}()
#74 C:\Users\lenovo\Documents\projects\seatify\vendor\pestphp\pest\src\Concerns\Testable.php(429): Pest\Support\ExceptionTrace::ensure(Object(Closure))
#75 C:\Users\lenovo\Documents\projects\seatify\vendor\pestphp\pest\src\Concerns\Testable.php(331): P\Tests\Feature\Frontend\NavigationTest->__callClosure(Object(Closure), Array)
#76 C:\Users\lenovo\Documents\projects\seatify\vendor\pestphp\pest\src\Factories\TestCaseFactory.php(169) : eval()'d code(26): P\Tests\Feature\Frontend\NavigationTest->__runTest(Object(Closure))
#77 C:\Users\lenovo\Documents\projects\seatify\vendor\phpunit\phpunit\src\Framework\TestCase.php(1332): P\Tests\Feature\Frontend\NavigationTest->__pest_evaluable_cinemas_page_is_accessible()
#78 C:\Users\lenovo\Documents\projects\seatify\vendor\phpunit\phpunit\src\Framework\TestCase.php(519): PHPUnit\Framework\TestCase->runTest()
#79 C:\Users\lenovo\Documents\projects\seatify\vendor\phpunit\phpunit\src\Framework\TestRunner\TestRunner.php(99): PHPUnit\Framework\TestCase->runBare()
#80 C:\Users\lenovo\Documents\projects\seatify\vendor\phpunit\phpunit\src\Framework\TestCase.php(359): PHPUnit\Framework\TestRunner->run(Object(P\Tests\Feature\Frontend\NavigationTest))
#81 C:\Users\lenovo\Documents\projects\seatify\vendor\phpunit\phpunit\src\Framework\TestSuite.php(374): PHPUnit\Framework\TestCase->run()
#82 C:\Users\lenovo\Documents\projects\seatify\vendor\phpunit\phpunit\src\TextUI\TestRunner.php(64): PHPUnit\Framework\TestSuite->run()
#83 C:\Users\lenovo\Documents\projects\seatify\vendor\phpunit\phpunit\src\TextUI\Application.php(229): PHPUnit\TextUI\TestRunner->run(Object(PHPUnit\TextUI\Configuration\Configuration), Object(PHPUnit\Runner\ResultCache\DefaultResultCache), Object(PHPUnit\Framework\TestSuite))
#84 C:\Users\lenovo\Documents\projects\seatify\vendor\pestphp\pest\src\Kernel.php(103): PHPUnit\TextUI\Application->run(Array)
#85 C:\Users\lenovo\Documents\projects\seatify\vendor\pestphp\pest\bin\pest(184): Pest\Kernel->handle(Array, Array)
#86 C:\Users\lenovo\Documents\projects\seatify\vendor\pestphp\pest\bin\pest(192): {closure}()
#87 {main}

----------------------------------------------------------------------------------

Flux component [icon.search] does not exist. (View: C:\Users\lenovo\Documents\projects\seatify\resources\views\livewire\frontend\cinema\index.blade.php)

  at tests\Feature\Frontend\NavigationTest.php:20
     16Γûò     $user = User::factory()->create();
     17Γûò 
     18Γûò     actingAs($user)
     19Γûò         ->get(route('cinemas.index'))
  Γ₧£  20Γûò         ->assertOk()
     21Γûò         ->assertSeeLivewire(App\Livewire\Frontend\Cinema\Index::class);
     22Γûò });
     23Γûò 
     24Γûò test('studios page is accessible', function () {

  ΓöÇΓöÇΓöÇΓöÇΓöÇΓöÇΓöÇΓöÇΓöÇΓöÇΓöÇΓöÇΓöÇΓöÇΓöÇΓöÇΓöÇΓöÇΓöÇΓöÇΓöÇΓöÇΓöÇΓöÇΓöÇΓöÇΓöÇ  
   FAILED  Tests\Feature\FrΓÇª   
  Expected response status code [200] but received 500.
Failed asserting that 500 is identical to 200.

The following exception occurred during the last request:

Exception: Flux component [icon.search] does not exist. in C:\Users\lenovo\Documents\projects\seatify\storage\framework\views\913e221c004b8c05f09bd55931b0c707.php:38
Stack trace:
#0 C:\Users\lenovo\Documents\projects\seatify\storage\framework\views\dab9a1a9026f415e4a03faaff285b0ef.php(192): _913e221c004b8c05f09bd55931b0c707(Object(Livewire\Blaze\Runtime\BlazeRuntime), NULL, NULL, NULL, NULL)
#1 C:\Users\lenovo\Documents\projects\seatify\storage\framework\views\f129d85a788682ea60399d2aee92006f.php(29): _dab9a1a9026f415e4a03faaff285b0ef(Object(Livewire\Blaze\Runtime\BlazeRuntime), NULL, NULL, NULL, Object(App\Livewire\Frontend\Movie\Index))
#2 C:\Users\lenovo\Documents\projects\seatify\vendor\livewire\livewire\src\Mechanisms\ExtendBlade\ExtendedCompilerEngine.php(37): include('C:\\Users\\lenovo...')
#3 C:\Users\lenovo\Documents\projects\seatify\vendor\livewire\livewire\src\Mechanisms\ExtendBlade\ExtendedCompilerEngine.php(38): App\Livewire\Frontend\Movie\Index->Livewire\Mechanisms\ExtendBlade\{closure}()
#4 C:\Users\lenovo\Documents\projects\seatify\vendor\laravel\framework\src\Illuminate\View\Engines\CompilerEngine.php(76): Livewire\Mechanisms\ExtendBlade\ExtendedCompilerEngine->evaluatePath('C:\\Users\\lenovo...', Array)
#5 C:\Users\lenovo\Documents\projects\seatify\vendor\livewire\livewire\src\Mechanisms\ExtendBlade\ExtendedCompilerEngine.php(16): Illuminate\View\Engines\CompilerEngine->get('C:\\Users\\lenovo...', Array)
#6 C:\Users\lenovo\Documents\projects\seatify\vendor\laravel\framework\src\Illuminate\View\View.php(208): Livewire\Mechanisms\ExtendBlade\ExtendedCompilerEngine->get('C:\\Users\\lenovo...', Array)
#7 C:\Users\lenovo\Documents\projects\seatify\vendor\laravel\framework\src\Illuminate\View\View.php(191): Illuminate\View\View->getContents()
#8 C:\Users\lenovo\Documents\projects\seatify\vendor\laravel\framework\src\Illuminate\View\View.php(160): Illuminate\View\View->renderContents()
#9 C:\Users\lenovo\Documents\projects\seatify\vendor\livewire\livewire\src\Mechanisms\HandleComponents\HandleComponents.php(409): Illuminate\View\View->render(Object(Closure))
#10 C:\Users\lenovo\Documents\projects\seatify\vendor\livewire\livewire\src\Mechanisms\HandleComponents\HandleComponents.php(460): Livewire\Mechanisms\HandleComponents\HandleComponents->Livewire\Mechanisms\HandleComponents\{closure}()
#11 C:\Users\lenovo\Documents\projects\seatify\vendor\livewire\livewire\src\Mechanisms\HandleComponents\HandleComponents.php(401): Livewire\Mechanisms\HandleComponents\HandleComponents->trackInRenderStack(Object(App\Livewire\Frontend\Movie\Index), Object(Closure))
#12 C:\Users\lenovo\Documents\projects\seatify\vendor\livewire\livewire\src\Mechanisms\HandleComponents\HandleComponents.php(80): Livewire\Mechanisms\HandleComponents\HandleComponents->render(Object(App\Livewire\Frontend\Movie\Index), '<div></div>')
#13 C:\Users\lenovo\Documents\projects\seatify\vendor\livewire\livewire\src\LivewireManager.php(102): Livewire\Mechanisms\HandleComponents\HandleComponents->mount('App\\Livewire\\Fr...', Array, NULL, Array)
#14 C:\Users\lenovo\Documents\projects\seatify\vendor\livewire\livewire\src\Features\SupportPageComponents\HandlesPageComponents.php(19): Livewire\LivewireManager->mount('App\\Livewire\\Fr...', Array)
#15 C:\Users\lenovo\Documents\projects\seatify\vendor\livewire\livewire\src\Features\SupportPageComponents\SupportPageComponents.php(118): Livewire\Component->Livewire\Features\SupportPageComponents\{closure}()
#16 C:\Users\lenovo\Documents\projects\seatify\vendor\livewire\livewire\src\Features\SupportPageComponents\HandlesPageComponents.php(14): Livewire\Features\SupportPageComponents\SupportPageComponents::interceptTheRenderOfTheComponentAndRetreiveTheLayoutConfiguration(Object(Closure))
#17 C:\Users\lenovo\Documents\projects\seatify\vendor\laravel\framework\src\Illuminate\Routing\ControllerDispatcher.php(46): Livewire\Component->__invoke()
#18 C:\Users\lenovo\Documents\projects\seatify\vendor\laravel\framework\src\Illuminate\Routing\Route.php(265): Illuminate\Routing\ControllerDispatcher->dispatch(Object(Illuminate\Routing\Route), Object(App\Livewire\Frontend\Movie\Index), '__invoke')
#19 C:\Users\lenovo\Documents\projects\seatify\vendor\laravel\framework\src\Illuminate\Routing\Route.php(211): Illuminate\Routing\Route->runController()
#20 C:\Users\lenovo\Documents\projects\seatify\vendor\laravel\framework\src\Illuminate\Routing\Router.php(822): Illuminate\Routing\Route->run()
#21 C:\Users\lenovo\Documents\projects\seatify\vendor\laravel\framework\src\Illuminate\Pipeline\Pipeline.php(180): Illuminate\Routing\Router->Illuminate\Routing\{closure}(Object(Illuminate\Http\Request))
#22 C:\Users\lenovo\Documents\projects\seatify\vendor\laravel\framework\src\Illuminate\Auth\Middleware\EnsureEmailIsVerified.php(41): Illuminate\Pipeline\Pipeline->Illuminate\Pipeline\{closure}(Object(Illuminate\Http\Request))
#23 C:\Users\lenovo\Documents\projects\seatify\vendor\laravel\framework\src\Illuminate\Pipeline\Pipeline.php(219): Illuminate\Auth\Middleware\EnsureEmailIsVerified->handle(Object(Illuminate\Http\Request), Object(Closure))
#24 C:\Users\lenovo\Documents\projects\seatify\vendor\laravel\framework\src\Illuminate\Routing\Middleware\SubstituteBindings.php(50): Illuminate\Pipeline\Pipeline->Illuminate\Pipeline\{closure}(Object(Illuminate\Http\Request))
#25 C:\Users\lenovo\Documents\projects\seatify\vendor\laravel\framework\src\Illuminate\Pipeline\Pipeline.php(219): Illuminate\Routing\Middleware\SubstituteBindings->handle(Object(Illuminate\Http\Request), Object(Closure))
#26 C:\Users\lenovo\Documents\projects\seatify\vendor\laravel\framework\src\Illuminate\Auth\Middleware\Authenticate.php(63): Illuminate\Pipeline\Pipeline->Illuminate\Pipeline\{closure}(Object(Illuminate\Http\Request))
#27 C:\Users\lenovo\Documents\projects\seatify\vendor\laravel\framework\src\Illuminate\Pipeline\Pipeline.php(219): Illuminate\Auth\Middleware\Authenticate->handle(Object(Illuminate\Http\Request), Object(Closure))
#28 C:\Users\lenovo\Documents\projects\seatify\vendor\laravel\framework\src\Illuminate\Foundation\Http\Middleware\VerifyCsrfToken.php(87): Illuminate\Pipeline\Pipeline->Illuminate\Pipeline\{closure}(Object(Illuminate\Http\Request))
#29 C:\Users\lenovo\Documents\projects\seatify\vendor\laravel\framework\src\Illuminate\Pipeline\Pipeline.php(219): Illuminate\Foundation\Http\Middleware\VerifyCsrfToken->handle(Object(Illuminate\Http\Request), Object(Closure))
#30 C:\Users\lenovo\Documents\projects\seatify\vendor\laravel\framework\src\Illuminate\View\Middleware\ShareErrorsFromSession.php(48): Illuminate\Pipeline\Pipeline->Illuminate\Pipeline\{closure}(Object(Illuminate\Http\Request))
#31 C:\Users\lenovo\Documents\projects\seatify\vendor\laravel\framework\src\Illuminate\Pipeline\Pipeline.php(219): Illuminate\View\Middleware\ShareErrorsFromSession->handle(Object(Illuminate\Http\Request), Object(Closure))
#32 C:\Users\lenovo\Documents\projects\seatify\vendor\laravel\framework\src\Illuminate\Session\Middleware\StartSession.php(120): Illuminate\Pipeline\Pipeline->Illuminate\Pipeline\{closure}(Object(Illuminate\Http\Request))
#33 C:\Users\lenovo\Documents\projects\seatify\vendor\laravel\framework\src\Illuminate\Session\Middleware\StartSession.php(63): Illuminate\Session\Middleware\StartSession->handleStatefulRequest(Object(Illuminate\Http\Request), Object(Illuminate\Session\Store), Object(Closure))
#34 C:\Users\lenovo\Documents\projects\seatify\vendor\laravel\framework\src\Illuminate\Pipeline\Pipeline.php(219): Illuminate\Session\Middleware\StartSession->handle(Object(Illuminate\Http\Request), Object(Closure))
#35 C:\Users\lenovo\Documents\projects\seatify\vendor\laravel\framework\src\Illuminate\Cookie\Middleware\AddQueuedCookiesToResponse.php(36): Illuminate\Pipeline\Pipeline->Illuminate\Pipeline\{closure}(Object(Illuminate\Http\Request))
#36 C:\Users\lenovo\Documents\projects\seatify\vendor\laravel\framework\src\Illuminate\Pipeline\Pipeline.php(219): Illuminate\Cookie\Middleware\AddQueuedCookiesToResponse->handle(Object(Illuminate\Http\Request), Object(Closure))
#37 C:\Users\lenovo\Documents\projects\seatify\vendor\laravel\framework\src\Illuminate\Cookie\Middleware\EncryptCookies.php(74): Illuminate\Pipeline\Pipeline->Illuminate\Pipeline\{closure}(Object(Illuminate\Http\Request))
#38 C:\Users\lenovo\Documents\projects\seatify\vendor\laravel\framework\src\Illuminate\Pipeline\Pipeline.php(219): Illuminate\Cookie\Middleware\EncryptCookies->handle(Object(Illuminate\Http\Request), Object(Closure))
#39 C:\Users\lenovo\Documents\projects\seatify\vendor\laravel\framework\src\Illuminate\Pipeline\Pipeline.php(137): Illuminate\Pipeline\Pipeline->Illuminate\Pipeline\{closure}(Object(Illuminate\Http\Request))
#40 C:\Users\lenovo\Documents\projects\seatify\vendor\laravel\framework\src\Illuminate\Routing\Router.php(821): Illuminate\Pipeline\Pipeline->then(Object(Closure))
#41 C:\Users\lenovo\Documents\projects\seatify\vendor\laravel\framework\src\Illuminate\Routing\Router.php(800): Illuminate\Routing\Router->runRouteWithinStack(Object(Illuminate\Routing\Route), Object(Illuminate\Http\Request))
#42 C:\Users\lenovo\Documents\projects\seatify\vendor\laravel\framework\src\Illuminate\Routing\Router.php(764): Illuminate\Routing\Router->runRoute(Object(Illuminate\Http\Request), Object(Illuminate\Routing\Route))
#43 C:\Users\lenovo\Documents\projects\seatify\vendor\laravel\framework\src\Illuminate\Routing\Router.php(753): Illuminate\Routing\Router->dispatchToRoute(Object(Illuminate\Http\Request))
#44 C:\Users\lenovo\Documents\projects\seatify\vendor\laravel\framework\src\Illuminate\Foundation\Http\Kernel.php(200): Illuminate\Routing\Router->dispatch(Object(Illuminate\Http\Request))
#45 C:\Users\lenovo\Documents\projects\seatify\vendor\laravel\framework\src\Illuminate\Pipeline\Pipeline.php(180): Illuminate\Foundation\Http\Kernel->Illuminate\Foundation\Http\{closure}(Object(Illuminate\Http\Request))
#46 C:\Users\lenovo\Documents\projects\seatify\vendor\livewire\livewire\src\Features\SupportDisablingBackButtonCache\DisableBackButtonCacheMiddleware.php(19): Illuminate\Pipeline\Pipeline->Illuminate\Pipeline\{closure}(Object(Illuminate\Http\Request))
#47 C:\Users\lenovo\Documents\projects\seatify\vendor\laravel\framework\src\Illuminate\Pipeline\Pipeline.php(219): Livewire\Features\SupportDisablingBackButtonCache\DisableBackButtonCacheMiddleware->handle(Object(Illuminate\Http\Request), Object(Closure))
#48 C:\Users\lenovo\Documents\projects\seatify\vendor\laravel\framework\src\Illuminate\Foundation\Http\Middleware\TransformsRequest.php(21): Illuminate\Pipeline\Pipeline->Illuminate\Pipeline\{closure}(Object(Illuminate\Http\Request))
#49 C:\Users\lenovo\Documents\projects\seatify\vendor\laravel\framework\src\Illuminate\Foundation\Http\Middleware\ConvertEmptyStringsToNull.php(31): Illuminate\Foundation\Http\Middleware\TransformsRequest->handle(Object(Illuminate\Http\Request), Object(Closure))
#50 C:\Users\lenovo\Documents\projects\seatify\vendor\laravel\framework\src\Illuminate\Pipeline\Pipeline.php(219): Illuminate\Foundation\Http\Middleware\ConvertEmptyStringsToNull->handle(Object(Illuminate\Http\Request), Object(Closure))
#51 C:\Users\lenovo\Documents\projects\seatify\vendor\laravel\framework\src\Illuminate\Foundation\Http\Middleware\TransformsRequest.php(21): Illuminate\Pipeline\Pipeline->Illuminate\Pipeline\{closure}(Object(Illuminate\Http\Request))
#52 C:\Users\lenovo\Documents\projects\seatify\vendor\laravel\framework\src\Illuminate\Foundation\Http\Middleware\TrimStrings.php(51): Illuminate\Foundation\Http\Middleware\TransformsRequest->handle(Object(Illuminate\Http\Request), Object(Closure))
#53 C:\Users\lenovo\Documents\projects\seatify\vendor\laravel\framework\src\Illuminate\Pipeline\Pipeline.php(219): Illuminate\Foundation\Http\Middleware\TrimStrings->handle(Object(Illuminate\Http\Request), Object(Closure))
#54 C:\Users\lenovo\Documents\projects\seatify\vendor\laravel\framework\src\Illuminate\Http\Middleware\ValidatePostSize.php(27): Illuminate\Pipeline\Pipeline->Illuminate\Pipeline\{closure}(Object(Illuminate\Http\Request))
#55 C:\Users\lenovo\Documents\projects\seatify\vendor\laravel\framework\src\Illuminate\Pipeline\Pipeline.php(219): Illuminate\Http\Middleware\ValidatePostSize->handle(Object(Illuminate\Http\Request), Object(Closure))
#56 C:\Users\lenovo\Documents\projects\seatify\vendor\laravel\framework\src\Illuminate\Foundation\Http\Middleware\PreventRequestsDuringMaintenance.php(109): Illuminate\Pipeline\Pipeline->Illuminate\Pipeline\{closure}(Object(Illuminate\Http\Request))
#57 C:\Users\lenovo\Documents\projects\seatify\vendor\laravel\framework\src\Illuminate\Pipeline\Pipeline.php(219): Illuminate\Foundation\Http\Middleware\PreventRequestsDuringMaintenance->handle(Object(Illuminate\Http\Request), Object(Closure))
#58 C:\Users\lenovo\Documents\projects\seatify\vendor\laravel\framework\src\Illuminate\Http\Middleware\HandleCors.php(61): Illuminate\Pipeline\Pipeline->Illuminate\Pipeline\{closure}(Object(Illuminate\Http\Request))
#59 C:\Users\lenovo\Documents\projects\seatify\vendor\laravel\framework\src\Illuminate\Pipeline\Pipeline.php(219): Illuminate\Http\Middleware\HandleCors->handle(Object(Illuminate\Http\Request), Object(Closure))
#60 C:\Users\lenovo\Documents\projects\seatify\vendor\laravel\framework\src\Illuminate\Http\Middleware\TrustProxies.php(58): Illuminate\Pipeline\Pipeline->Illuminate\Pipeline\{closure}(Object(Illuminate\Http\Request))
#61 C:\Users\lenovo\Documents\projects\seatify\vendor\laravel\framework\src\Illuminate\Pipeline\Pipeline.php(219): Illuminate\Http\Middleware\TrustProxies->handle(Object(Illuminate\Http\Request), Object(Closure))
#62 C:\Users\lenovo\Documents\projects\seatify\vendor\laravel\framework\src\Illuminate\Foundation\Http\Middleware\InvokeDeferredCallbacks.php(22): Illuminate\Pipeline\Pipeline->Illuminate\Pipeline\{closure}(Object(Illuminate\Http\Request))
#63 C:\Users\lenovo\Documents\projects\seatify\vendor\laravel\framework\src\Illuminate\Pipeline\Pipeline.php(219): Illuminate\Foundation\Http\Middleware\InvokeDeferredCallbacks->handle(Object(Illuminate\Http\Request), Object(Closure))
#64 C:\Users\lenovo\Documents\projects\seatify\vendor\laravel\framework\src\Illuminate\Http\Middleware\ValidatePathEncoding.php(26): Illuminate\Pipeline\Pipeline->Illuminate\Pipeline\{closure}(Object(Illuminate\Http\Request))
#65 C:\Users\lenovo\Documents\projects\seatify\vendor\laravel\framework\src\Illuminate\Pipeline\Pipeline.php(219): Illuminate\Http\Middleware\ValidatePathEncoding->handle(Object(Illuminate\Http\Request), Object(Closure))
#66 C:\Users\lenovo\Documents\projects\seatify\vendor\laravel\framework\src\Illuminate\Pipeline\Pipeline.php(137): Illuminate\Pipeline\Pipeline->Illuminate\Pipeline\{closure}(Object(Illuminate\Http\Request))
#67 C:\Users\lenovo\Documents\projects\seatify\vendor\laravel\framework\src\Illuminate\Foundation\Http\Kernel.php(175): Illuminate\Pipeline\Pipeline->then(Object(Closure))
#68 C:\Users\lenovo\Documents\projects\seatify\vendor\laravel\framework\src\Illuminate\Foundation\Http\Kernel.php(144): Illuminate\Foundation\Http\Kernel->sendRequestThroughRouter(Object(Illuminate\Http\Request))
#69 C:\Users\lenovo\Documents\projects\seatify\vendor\laravel\framework\src\Illuminate\Foundation\Testing\Concerns\MakesHttpRequests.php(607): Illuminate\Foundation\Http\Kernel->handle(Object(Illuminate\Http\Request))
#70 C:\Users\lenovo\Documents\projects\seatify\vendor\laravel\framework\src\Illuminate\Foundation\Testing\Concerns\MakesHttpRequests.php(368): Illuminate\Foundation\Testing\TestCase->call('GET', 'http://localhos...', Array, Array, Array, Array)
#71 C:\Users\lenovo\Documents\projects\seatify\tests\Feature\Frontend\NavigationTest.php(37): Illuminate\Foundation\Testing\TestCase->get('http://localhos...')
#72 C:\Users\lenovo\Documents\projects\seatify\vendor\pestphp\pest\src\Factories\TestCaseMethodFactory.php(168): P\Tests\Feature\Frontend\NavigationTest->{closure}()
#73 [internal function]: P\Tests\Feature\Frontend\NavigationTest->Pest\Factories\{closure}()
#74 C:\Users\lenovo\Documents\projects\seatify\vendor\pestphp\pest\src\Concerns\Testable.php(429): call_user_func_array(Object(Closure), Array)
#75 C:\Users\lenovo\Documents\projects\seatify\vendor\pestphp\pest\src\Support\ExceptionTrace.php(26): P\Tests\Feature\Frontend\NavigationTest->Pest\Concerns\{closure}()
#76 C:\Users\lenovo\Documents\projects\seatify\vendor\pestphp\pest\src\Concerns\Testable.php(429): Pest\Support\ExceptionTrace::ensure(Object(Closure))
#77 C:\Users\lenovo\Documents\projects\seatify\vendor\pestphp\pest\src\Concerns\Testable.php(331): P\Tests\Feature\Frontend\NavigationTest->__callClosure(Object(Closure), Array)
#78 C:\Users\lenovo\Documents\projects\seatify\vendor\pestphp\pest\src\Factories\TestCaseFactory.php(169) : eval()'d code(44): P\Tests\Feature\Frontend\NavigationTest->__runTest(Object(Closure))
#79 C:\Users\lenovo\Documents\projects\seatify\vendor\phpunit\phpunit\src\Framework\TestCase.php(1332): P\Tests\Feature\Frontend\NavigationTest->__pest_evaluable_movies_page_is_accessible()
#80 C:\Users\lenovo\Documents\projects\seatify\vendor\phpunit\phpunit\src\Framework\TestCase.php(519): PHPUnit\Framework\TestCase->runTest()
#81 C:\Users\lenovo\Documents\projects\seatify\vendor\phpunit\phpunit\src\Framework\TestRunner\TestRunner.php(99): PHPUnit\Framework\TestCase->runBare()
#82 C:\Users\lenovo\Documents\projects\seatify\vendor\phpunit\phpunit\src\Framework\TestCase.php(359): PHPUnit\Framework\TestRunner->run(Object(P\Tests\Feature\Frontend\NavigationTest))
#83 C:\Users\lenovo\Documents\projects\seatify\vendor\phpunit\phpunit\src\Framework\TestSuite.php(374): PHPUnit\Framework\TestCase->run()
#84 C:\Users\lenovo\Documents\projects\seatify\vendor\phpunit\phpunit\src\TextUI\TestRunner.php(64): PHPUnit\Framework\TestSuite->run()
#85 C:\Users\lenovo\Documents\projects\seatify\vendor\phpunit\phpunit\src\TextUI\Application.php(229): PHPUnit\TextUI\TestRunner->run(Object(PHPUnit\TextUI\Configuration\Configuration), Object(PHPUnit\Runner\ResultCache\DefaultResultCache), Object(PHPUnit\Framework\TestSuite))
#86 C:\Users\lenovo\Documents\projects\seatify\vendor\pestphp\pest\src\Kernel.php(103): PHPUnit\TextUI\Application->run(Array)
#87 C:\Users\lenovo\Documents\projects\seatify\vendor\pestphp\pest\bin\pest(184): Pest\Kernel->handle(Array, Array)
#88 C:\Users\lenovo\Documents\projects\seatify\vendor\pestphp\pest\bin\pest(192): {closure}()
#89 {main}

Next Illuminate\View\ViewException: Flux component [icon.search] does not exist. (View: C:\Users\lenovo\Documents\projects\seatify\resources\views\livewire\frontend\movie\index.blade.php) in C:\Users\lenovo\Documents\projects\seatify\storage\framework\views\913e221c004b8c05f09bd55931b0c707.php:38
Stack trace:
#0 C:\Users\lenovo\Documents\projects\seatify\vendor\livewire\livewire\src\Mechanisms\ExtendBlade\ExtendedCompilerEngine.php(58): Illuminate\View\Engines\CompilerEngine->handleViewException(Object(Exception), 2)
#1 C:\Users\lenovo\Documents\projects\seatify\vendor\livewire\livewire\src\Mechanisms\ExtendBlade\ExtendedCompilerEngine.php(40): Livewire\Mechanisms\ExtendBlade\ExtendedCompilerEngine->handleViewException(Object(Exception), 2)
#2 C:\Users\lenovo\Documents\projects\seatify\vendor\laravel\framework\src\Illuminate\View\Engines\CompilerEngine.php(76): Livewire\Mechanisms\ExtendBlade\ExtendedCompilerEngine->evaluatePath('C:\\Users\\lenovo...', Array)
#3 C:\Users\lenovo\Documents\projects\seatify\vendor\livewire\livewire\src\Mechanisms\ExtendBlade\ExtendedCompilerEngine.php(16): Illuminate\View\Engines\CompilerEngine->get('C:\\Users\\lenovo...', Array)
#4 C:\Users\lenovo\Documents\projects\seatify\vendor\laravel\framework\src\Illuminate\View\View.php(208): Livewire\Mechanisms\ExtendBlade\ExtendedCompilerEngine->get('C:\\Users\\lenovo...', Array)
#5 C:\Users\lenovo\Documents\projects\seatify\vendor\laravel\framework\src\Illuminate\View\View.php(191): Illuminate\View\View->getContents()
#6 C:\Users\lenovo\Documents\projects\seatify\vendor\laravel\framework\src\Illuminate\View\View.php(160): Illuminate\View\View->renderContents()
#7 C:\Users\lenovo\Documents\projects\seatify\vendor\livewire\livewire\src\Mechanisms\HandleComponents\HandleComponents.php(409): Illuminate\View\View->render(Object(Closure))
#8 C:\Users\lenovo\Documents\projects\seatify\vendor\livewire\livewire\src\Mechanisms\HandleComponents\HandleComponents.php(460): Livewire\Mechanisms\HandleComponents\HandleComponents->Livewire\Mechanisms\HandleComponents\{closure}()
#9 C:\Users\lenovo\Documents\projects\seatify\vendor\livewire\livewire\src\Mechanisms\HandleComponents\HandleComponents.php(401): Livewire\Mechanisms\HandleComponents\HandleComponents->trackInRenderStack(Object(App\Livewire\Frontend\Movie\Index), Object(Closure))
#10 C:\Users\lenovo\Documents\projects\seatify\vendor\livewire\livewire\src\Mechanisms\HandleComponents\HandleComponents.php(80): Livewire\Mechanisms\HandleComponents\HandleComponents->render(Object(App\Livewire\Frontend\Movie\Index), '<div></div>')
#11 C:\Users\lenovo\Documents\projects\seatify\vendor\livewire\livewire\src\LivewireManager.php(102): Livewire\Mechanisms\HandleComponents\HandleComponents->mount('App\\Livewire\\Fr...', Array, NULL, Array)
#12 C:\Users\lenovo\Documents\projects\seatify\vendor\livewire\livewire\src\Features\SupportPageComponents\HandlesPageComponents.php(19): Livewire\LivewireManager->mount('App\\Livewire\\Fr...', Array)
#13 C:\Users\lenovo\Documents\projects\seatify\vendor\livewire\livewire\src\Features\SupportPageComponents\SupportPageComponents.php(118): Livewire\Component->Livewire\Features\SupportPageComponents\{closure}()
#14 C:\Users\lenovo\Documents\projects\seatify\vendor\livewire\livewire\src\Features\SupportPageComponents\HandlesPageComponents.php(14): Livewire\Features\SupportPageComponents\SupportPageComponents::interceptTheRenderOfTheComponentAndRetreiveTheLayoutConfiguration(Object(Closure))
#15 C:\Users\lenovo\Documents\projects\seatify\vendor\laravel\framework\src\Illuminate\Routing\ControllerDispatcher.php(46): Livewire\Component->__invoke()
#16 C:\Users\lenovo\Documents\projects\seatify\vendor\laravel\framework\src\Illuminate\Routing\Route.php(265): Illuminate\Routing\ControllerDispatcher->dispatch(Object(Illuminate\Routing\Route), Object(App\Livewire\Frontend\Movie\Index), '__invoke')
#17 C:\Users\lenovo\Documents\projects\seatify\vendor\laravel\framework\src\Illuminate\Routing\Route.php(211): Illuminate\Routing\Route->runController()
#18 C:\Users\lenovo\Documents\projects\seatify\vendor\laravel\framework\src\Illuminate\Routing\Router.php(822): Illuminate\Routing\Route->run()
#19 C:\Users\lenovo\Documents\projects\seatify\vendor\laravel\framework\src\Illuminate\Pipeline\Pipeline.php(180): Illuminate\Routing\Router->Illuminate\Routing\{closure}(Object(Illuminate\Http\Request))
#20 C:\Users\lenovo\Documents\projects\seatify\vendor\laravel\framework\src\Illuminate\Auth\Middleware\EnsureEmailIsVerified.php(41): Illuminate\Pipeline\Pipeline->Illuminate\Pipeline\{closure}(Object(Illuminate\Http\Request))
#21 C:\Users\lenovo\Documents\projects\seatify\vendor\laravel\framework\src\Illuminate\Pipeline\Pipeline.php(219): Illuminate\Auth\Middleware\EnsureEmailIsVerified->handle(Object(Illuminate\Http\Request), Object(Closure))
#22 C:\Users\lenovo\Documents\projects\seatify\vendor\laravel\framework\src\Illuminate\Routing\Middleware\SubstituteBindings.php(50): Illuminate\Pipeline\Pipeline->Illuminate\Pipeline\{closure}(Object(Illuminate\Http\Request))
#23 C:\Users\lenovo\Documents\projects\seatify\vendor\laravel\framework\src\Illuminate\Pipeline\Pipeline.php(219): Illuminate\Routing\Middleware\SubstituteBindings->handle(Object(Illuminate\Http\Request), Object(Closure))
#24 C:\Users\lenovo\Documents\projects\seatify\vendor\laravel\framework\src\Illuminate\Auth\Middleware\Authenticate.php(63): Illuminate\Pipeline\Pipeline->Illuminate\Pipeline\{closure}(Object(Illuminate\Http\Request))
#25 C:\Users\lenovo\Documents\projects\seatify\vendor\laravel\framework\src\Illuminate\Pipeline\Pipeline.php(219): Illuminate\Auth\Middleware\Authenticate->handle(Object(Illuminate\Http\Request), Object(Closure))
#26 C:\Users\lenovo\Documents\projects\seatify\vendor\laravel\framework\src\Illuminate\Foundation\Http\Middleware\VerifyCsrfToken.php(87): Illuminate\Pipeline\Pipeline->Illuminate\Pipeline\{closure}(Object(Illuminate\Http\Request))
#27 C:\Users\lenovo\Documents\projects\seatify\vendor\laravel\framework\src\Illuminate\Pipeline\Pipeline.php(219): Illuminate\Foundation\Http\Middleware\VerifyCsrfToken->handle(Object(Illuminate\Http\Request), Object(Closure))
#28 C:\Users\lenovo\Documents\projects\seatify\vendor\laravel\framework\src\Illuminate\View\Middleware\ShareErrorsFromSession.php(48): Illuminate\Pipeline\Pipeline->Illuminate\Pipeline\{closure}(Object(Illuminate\Http\Request))
#29 C:\Users\lenovo\Documents\projects\seatify\vendor\laravel\framework\src\Illuminate\Pipeline\Pipeline.php(219): Illuminate\View\Middleware\ShareErrorsFromSession->handle(Object(Illuminate\Http\Request), Object(Closure))
#30 C:\Users\lenovo\Documents\projects\seatify\vendor\laravel\framework\src\Illuminate\Session\Middleware\StartSession.php(120): Illuminate\Pipeline\Pipeline->Illuminate\Pipeline\{closure}(Object(Illuminate\Http\Request))
#31 C:\Users\lenovo\Documents\projects\seatify\vendor\laravel\framework\src\Illuminate\Session\Middleware\StartSession.php(63): Illuminate\Session\Middleware\StartSession->handleStatefulRequest(Object(Illuminate\Http\Request), Object(Illuminate\Session\Store), Object(Closure))
#32 C:\Users\lenovo\Documents\projects\seatify\vendor\laravel\framework\src\Illuminate\Pipeline\Pipeline.php(219): Illuminate\Session\Middleware\StartSession->handle(Object(Illuminate\Http\Request), Object(Closure))
#33 C:\Users\lenovo\Documents\projects\seatify\vendor\laravel\framework\src\Illuminate\Cookie\Middleware\AddQueuedCookiesToResponse.php(36): Illuminate\Pipeline\Pipeline->Illuminate\Pipeline\{closure}(Object(Illuminate\Http\Request))
#34 C:\Users\lenovo\Documents\projects\seatify\vendor\laravel\framework\src\Illuminate\Pipeline\Pipeline.php(219): Illuminate\Cookie\Middleware\AddQueuedCookiesToResponse->handle(Object(Illuminate\Http\Request), Object(Closure))
#35 C:\Users\lenovo\Documents\projects\seatify\vendor\laravel\framework\src\Illuminate\Cookie\Middleware\EncryptCookies.php(74): Illuminate\Pipeline\Pipeline->Illuminate\Pipeline\{closure}(Object(Illuminate\Http\Request))
#36 C:\Users\lenovo\Documents\projects\seatify\vendor\laravel\framework\src\Illuminate\Pipeline\Pipeline.php(219): Illuminate\Cookie\Middleware\EncryptCookies->handle(Object(Illuminate\Http\Request), Object(Closure))
#37 C:\Users\lenovo\Documents\projects\seatify\vendor\laravel\framework\src\Illuminate\Pipeline\Pipeline.php(137): Illuminate\Pipeline\Pipeline->Illuminate\Pipeline\{closure}(Object(Illuminate\Http\Request))
#38 C:\Users\lenovo\Documents\projects\seatify\vendor\laravel\framework\src\Illuminate\Routing\Router.php(821): Illuminate\Pipeline\Pipeline->then(Object(Closure))
#39 C:\Users\lenovo\Documents\projects\seatify\vendor\laravel\framework\src\Illuminate\Routing\Router.php(800): Illuminate\Routing\Router->runRouteWithinStack(Object(Illuminate\Routing\Route), Object(Illuminate\Http\Request))
#40 C:\Users\lenovo\Documents\projects\seatify\vendor\laravel\framework\src\Illuminate\Routing\Router.php(764): Illuminate\Routing\Router->runRoute(Object(Illuminate\Http\Request), Object(Illuminate\Routing\Route))
#41 C:\Users\lenovo\Documents\projects\seatify\vendor\laravel\framework\src\Illuminate\Routing\Router.php(753): Illuminate\Routing\Router->dispatchToRoute(Object(Illuminate\Http\Request))
#42 C:\Users\lenovo\Documents\projects\seatify\vendor\laravel\framework\src\Illuminate\Foundation\Http\Kernel.php(200): Illuminate\Routing\Router->dispatch(Object(Illuminate\Http\Request))
#43 C:\Users\lenovo\Documents\projects\seatify\vendor\laravel\framework\src\Illuminate\Pipeline\Pipeline.php(180): Illuminate\Foundation\Http\Kernel->Illuminate\Foundation\Http\{closure}(Object(Illuminate\Http\Request))
#44 C:\Users\lenovo\Documents\projects\seatify\vendor\livewire\livewire\src\Features\SupportDisablingBackButtonCache\DisableBackButtonCacheMiddleware.php(19): Illuminate\Pipeline\Pipeline->Illuminate\Pipeline\{closure}(Object(Illuminate\Http\Request))
#45 C:\Users\lenovo\Documents\projects\seatify\vendor\laravel\framework\src\Illuminate\Pipeline\Pipeline.php(219): Livewire\Features\SupportDisablingBackButtonCache\DisableBackButtonCacheMiddleware->handle(Object(Illuminate\Http\Request), Object(Closure))
#46 C:\Users\lenovo\Documents\projects\seatify\vendor\laravel\framework\src\Illuminate\Foundation\Http\Middleware\TransformsRequest.php(21): Illuminate\Pipeline\Pipeline->Illuminate\Pipeline\{closure}(Object(Illuminate\Http\Request))
#47 C:\Users\lenovo\Documents\projects\seatify\vendor\laravel\framework\src\Illuminate\Foundation\Http\Middleware\ConvertEmptyStringsToNull.php(31): Illuminate\Foundation\Http\Middleware\TransformsRequest->handle(Object(Illuminate\Http\Request), Object(Closure))
#48 C:\Users\lenovo\Documents\projects\seatify\vendor\laravel\framework\src\Illuminate\Pipeline\Pipeline.php(219): Illuminate\Foundation\Http\Middleware\ConvertEmptyStringsToNull->handle(Object(Illuminate\Http\Request), Object(Closure))
#49 C:\Users\lenovo\Documents\projects\seatify\vendor\laravel\framework\src\Illuminate\Foundation\Http\Middleware\TransformsRequest.php(21): Illuminate\Pipeline\Pipeline->Illuminate\Pipeline\{closure}(Object(Illuminate\Http\Request))
#50 C:\Users\lenovo\Documents\projects\seatify\vendor\laravel\framework\src\Illuminate\Foundation\Http\Middleware\TrimStrings.php(51): Illuminate\Foundation\Http\Middleware\TransformsRequest->handle(Object(Illuminate\Http\Request), Object(Closure))
#51 C:\Users\lenovo\Documents\projects\seatify\vendor\laravel\framework\src\Illuminate\Pipeline\Pipeline.php(219): Illuminate\Foundation\Http\Middleware\TrimStrings->handle(Object(Illuminate\Http\Request), Object(Closure))
#52 C:\Users\lenovo\Documents\projects\seatify\vendor\laravel\framework\src\Illuminate\Http\Middleware\ValidatePostSize.php(27): Illuminate\Pipeline\Pipeline->Illuminate\Pipeline\{closure}(Object(Illuminate\Http\Request))
#53 C:\Users\lenovo\Documents\projects\seatify\vendor\laravel\framework\src\Illuminate\Pipeline\Pipeline.php(219): Illuminate\Http\Middleware\ValidatePostSize->handle(Object(Illuminate\Http\Request), Object(Closure))
#54 C:\Users\lenovo\Documents\projects\seatify\vendor\laravel\framework\src\Illuminate\Foundation\Http\Middleware\PreventRequestsDuringMaintenance.php(109): Illuminate\Pipeline\Pipeline->Illuminate\Pipeline\{closure}(Object(Illuminate\Http\Request))
#55 C:\Users\lenovo\Documents\projects\seatify\vendor\laravel\framework\src\Illuminate\Pipeline\Pipeline.php(219): Illuminate\Foundation\Http\Middleware\PreventRequestsDuringMaintenance->handle(Object(Illuminate\Http\Request), Object(Closure))
#56 C:\Users\lenovo\Documents\projects\seatify\vendor\laravel\framework\src\Illuminate\Http\Middleware\HandleCors.php(61): Illuminate\Pipeline\Pipeline->Illuminate\Pipeline\{closure}(Object(Illuminate\Http\Request))
#57 C:\Users\lenovo\Documents\projects\seatify\vendor\laravel\framework\src\Illuminate\Pipeline\Pipeline.php(219): Illuminate\Http\Middleware\HandleCors->handle(Object(Illuminate\Http\Request), Object(Closure))
#58 C:\Users\lenovo\Documents\projects\seatify\vendor\laravel\framework\src\Illuminate\Http\Middleware\TrustProxies.php(58): Illuminate\Pipeline\Pipeline->Illuminate\Pipeline\{closure}(Object(Illuminate\Http\Request))
#59 C:\Users\lenovo\Documents\projects\seatify\vendor\laravel\framework\src\Illuminate\Pipeline\Pipeline.php(219): Illuminate\Http\Middleware\TrustProxies->handle(Object(Illuminate\Http\Request), Object(Closure))
#60 C:\Users\lenovo\Documents\projects\seatify\vendor\laravel\framework\src\Illuminate\Foundation\Http\Middleware\InvokeDeferredCallbacks.php(22): Illuminate\Pipeline\Pipeline->Illuminate\Pipeline\{closure}(Object(Illuminate\Http\Request))
#61 C:\Users\lenovo\Documents\projects\seatify\vendor\laravel\framework\src\Illuminate\Pipeline\Pipeline.php(219): Illuminate\Foundation\Http\Middleware\InvokeDeferredCallbacks->handle(Object(Illuminate\Http\Request), Object(Closure))
#62 C:\Users\lenovo\Documents\projects\seatify\vendor\laravel\framework\src\Illuminate\Http\Middleware\ValidatePathEncoding.php(26): Illuminate\Pipeline\Pipeline->Illuminate\Pipeline\{closure}(Object(Illuminate\Http\Request))
#63 C:\Users\lenovo\Documents\projects\seatify\vendor\laravel\framework\src\Illuminate\Pipeline\Pipeline.php(219): Illuminate\Http\Middleware\ValidatePathEncoding->handle(Object(Illuminate\Http\Request), Object(Closure))
#64 C:\Users\lenovo\Documents\projects\seatify\vendor\laravel\framework\src\Illuminate\Pipeline\Pipeline.php(137): Illuminate\Pipeline\Pipeline->Illuminate\Pipeline\{closure}(Object(Illuminate\Http\Request))
#65 C:\Users\lenovo\Documents\projects\seatify\vendor\laravel\framework\src\Illuminate\Foundation\Http\Kernel.php(175): Illuminate\Pipeline\Pipeline->then(Object(Closure))
#66 C:\Users\lenovo\Documents\projects\seatify\vendor\laravel\framework\src\Illuminate\Foundation\Http\Kernel.php(144): Illuminate\Foundation\Http\Kernel->sendRequestThroughRouter(Object(Illuminate\Http\Request))
#67 C:\Users\lenovo\Documents\projects\seatify\vendor\laravel\framework\src\Illuminate\Foundation\Testing\Concerns\MakesHttpRequests.php(607): Illuminate\Foundation\Http\Kernel->handle(Object(Illuminate\Http\Request))
#68 C:\Users\lenovo\Documents\projects\seatify\vendor\laravel\framework\src\Illuminate\Foundation\Testing\Concerns\MakesHttpRequests.php(368): Illuminate\Foundation\Testing\TestCase->call('GET', 'http://localhos...', Array, Array, Array, Array)
#69 C:\Users\lenovo\Documents\projects\seatify\tests\Feature\Frontend\NavigationTest.php(37): Illuminate\Foundation\Testing\TestCase->get('http://localhos...')
#70 C:\Users\lenovo\Documents\projects\seatify\vendor\pestphp\pest\src\Factories\TestCaseMethodFactory.php(168): P\Tests\Feature\Frontend\NavigationTest->{closure}()
#71 [internal function]: P\Tests\Feature\Frontend\NavigationTest->Pest\Factories\{closure}()
#72 C:\Users\lenovo\Documents\projects\seatify\vendor\pestphp\pest\src\Concerns\Testable.php(429): call_user_func_array(Object(Closure), Array)
#73 C:\Users\lenovo\Documents\projects\seatify\vendor\pestphp\pest\src\Support\ExceptionTrace.php(26): P\Tests\Feature\Frontend\NavigationTest->Pest\Concerns\{closure}()
#74 C:\Users\lenovo\Documents\projects\seatify\vendor\pestphp\pest\src\Concerns\Testable.php(429): Pest\Support\ExceptionTrace::ensure(Object(Closure))
#75 C:\Users\lenovo\Documents\projects\seatify\vendor\pestphp\pest\src\Concerns\Testable.php(331): P\Tests\Feature\Frontend\NavigationTest->__callClosure(Object(Closure), Array)
#76 C:\Users\lenovo\Documents\projects\seatify\vendor\pestphp\pest\src\Factories\TestCaseFactory.php(169) : eval()'d code(44): P\Tests\Feature\Frontend\NavigationTest->__runTest(Object(Closure))
#77 C:\Users\lenovo\Documents\projects\seatify\vendor\phpunit\phpunit\src\Framework\TestCase.php(1332): P\Tests\Feature\Frontend\NavigationTest->__pest_evaluable_movies_page_is_accessible()
#78 C:\Users\lenovo\Documents\projects\seatify\vendor\phpunit\phpunit\src\Framework\TestCase.php(519): PHPUnit\Framework\TestCase->runTest()
#79 C:\Users\lenovo\Documents\projects\seatify\vendor\phpunit\phpunit\src\Framework\TestRunner\TestRunner.php(99): PHPUnit\Framework\TestCase->runBare()
#80 C:\Users\lenovo\Documents\projects\seatify\vendor\phpunit\phpunit\src\Framework\TestCase.php(359): PHPUnit\Framework\TestRunner->run(Object(P\Tests\Feature\Frontend\NavigationTest))
#81 C:\Users\lenovo\Documents\projects\seatify\vendor\phpunit\phpunit\src\Framework\TestSuite.php(374): PHPUnit\Framework\TestCase->run()
#82 C:\Users\lenovo\Documents\projects\seatify\vendor\phpunit\phpunit\src\TextUI\TestRunner.php(64): PHPUnit\Framework\TestSuite->run()
#83 C:\Users\lenovo\Documents\projects\seatify\vendor\phpunit\phpunit\src\TextUI\Application.php(229): PHPUnit\TextUI\TestRunner->run(Object(PHPUnit\TextUI\Configuration\Configuration), Object(PHPUnit\Runner\ResultCache\DefaultResultCache), Object(PHPUnit\Framework\TestSuite))
#84 C:\Users\lenovo\Documents\projects\seatify\vendor\pestphp\pest\src\Kernel.php(103): PHPUnit\TextUI\Application->run(Array)
#85 C:\Users\lenovo\Documents\projects\seatify\vendor\pestphp\pest\bin\pest(184): Pest\Kernel->handle(Array, Array)
#86 C:\Users\lenovo\Documents\projects\seatify\vendor\pestphp\pest\bin\pest(192): {closure}()
#87 {main}

----------------------------------------------------------------------------------

Flux component [icon.search] does not exist. (View: C:\Users\lenovo\Documents\projects\seatify\resources\views\livewire\frontend\movie\index.blade.php)

  at tests\Feature\Frontend\NavigationTest.php:38
     34Γûò     $user = User::factory()->create();
     35Γûò 
     36Γûò     actingAs($user)
     37Γûò         ->get(route('movies.index'))
  Γ₧£  38Γûò         ->assertOk()
     39Γûò         ->assertSeeLivewire(App\Livewire\Frontend\Movie\Index::class);
     40Γûò });
     41Γûò


  Tests:    2 failed, 2 passed (6 assertions)
  Duration: 14.18s

