
  ..........................⨯
